I'm sorry, but errors were detected in your script. Please correct the
errors listed below, and try again.


File "game/script.rpy", line 212: ATL statement contains two expressions in a row; is one of them a misspelled property? If not, separate them with pass.
    xaling 0.5 yaling 0 
               ^

Ren'Py Version: Ren'Py 8.1.3.23091805
Mon Oct 16 06:18:52 2023
